../Core/Src/main.cpp:79:5:int main()	24	static
../Core/Src/main.cpp:145:6:void SystemClock_Config()	96	static
../Core/Src/main.cpp:195:6:void PeriphCommonClock_Config()	104	static
../Core/Src/main.cpp:222:13:void MX_ADC1_Init()	32	static
../Core/Src/main.cpp:280:13:void MX_CAN1_Init()	8	static
../Core/Src/main.cpp:317:13:void MX_I2C2_Init()	8	static
../Core/Src/main.cpp:365:13:void MX_SPI1_Init()	8	static
../Core/Src/main.cpp:405:13:void MX_USB_PCD_Init()	8	static
../Core/Src/main.cpp:438:13:void MX_GPIO_Init()	40	static
../Core/Src/main.cpp:479:6:void Error_Handler()	4	static,ignoring_inline_asm
